// Jest Snapshot v1, https://goo.gl/fbAQLP

exports[`Login screen unit tests login while isConnecting 1`] = `undefined`;
